c:\users\pierce lonergan\documents\github\deepcoreoverhaul\src\openlrr\bin\tmp\openlrr\debug\vc142.pdb
c:\users\pierce lonergan\documents\github\deepcoreoverhaul\src\openlrr\bin\tmp\openlrr\debug\compress.obj
c:\users\pierce lonergan\documents\github\deepcoreoverhaul\src\openlrr\bin\tmp\openlrr\debug\init.obj
c:\users\pierce lonergan\documents\github\deepcoreoverhaul\src\openlrr\bin\tmp\openlrr\debug\activities.obj
c:\users\pierce lonergan\documents\github\deepcoreoverhaul\src\openlrr\bin\tmp\openlrr\debug\textwindow.obj
c:\users\pierce lonergan\documents\github\deepcoreoverhaul\src\openlrr\bin\tmp\openlrr\debug\flic.obj
c:\users\pierce lonergan\documents\github\deepcoreoverhaul\src\openlrr\bin\tmp\openlrr\debug\config.obj
c:\users\pierce lonergan\documents\github\deepcoreoverhaul\src\openlrr\bin\tmp\openlrr\debug\objectrecall.obj
c:\users\pierce lonergan\documents\github\deepcoreoverhaul\src\openlrr\bin\tmp\openlrr\debug\dependencies.obj
c:\users\pierce lonergan\documents\github\deepcoreoverhaul\src\openlrr\bin\tmp\openlrr\debug\creature.obj
c:\users\pierce lonergan\documents\github\deepcoreoverhaul\src\openlrr\bin\tmp\openlrr\debug\pointers.obj
c:\users\pierce lonergan\documents\github\deepcoreoverhaul\src\openlrr\bin\tmp\openlrr\debug\panels.obj
c:\users\pierce lonergan\documents\github\deepcoreoverhaul\src\openlrr\bin\tmp\openlrr\debug\infomessages.obj
c:\users\pierce lonergan\documents\github\deepcoreoverhaul\src\openlrr\bin\tmp\openlrr\debug\advisor.obj
c:\users\pierce lonergan\documents\github\deepcoreoverhaul\src\openlrr\bin\tmp\openlrr\debug\credits.obj
c:\users\pierce lonergan\documents\github\deepcoreoverhaul\src\openlrr\bin\tmp\openlrr\debug\effects.obj
c:\users\pierce lonergan\documents\github\deepcoreoverhaul\src\openlrr\bin\tmp\openlrr\debug\sfx.obj
c:\users\pierce lonergan\documents\github\deepcoreoverhaul\src\openlrr\bin\tmp\openlrr\debug\movie.obj
c:\users\pierce lonergan\documents\github\deepcoreoverhaul\src\openlrr\bin\tmp\openlrr\debug\registry.obj
c:\users\pierce lonergan\documents\github\deepcoreoverhaul\src\openlrr\bin\tmp\openlrr\debug\windows.obj
c:\users\pierce lonergan\documents\github\deepcoreoverhaul\src\openlrr\bin\tmp\openlrr\debug\legacy.obj
c:\users\pierce lonergan\documents\github\deepcoreoverhaul\src\openlrr\bin\tmp\openlrr\debug\teleporter.obj
c:\users\pierce lonergan\documents\github\deepcoreoverhaul\src\openlrr\bin\tmp\openlrr\debug\selectplace.obj
c:\users\pierce lonergan\documents\github\deepcoreoverhaul\src\openlrr\bin\tmp\openlrr\debug\camera.obj
c:\users\pierce lonergan\documents\github\deepcoreoverhaul\src\openlrr\bin\tmp\openlrr\debug\fonts.obj
c:\users\pierce lonergan\documents\github\deepcoreoverhaul\src\openlrr\bin\tmp\openlrr\debug\bmp.obj
c:\users\pierce lonergan\documents\github\deepcoreoverhaul\src\openlrr\bin\tmp\openlrr\debug\wad.obj
c:\users\pierce lonergan\documents\github\deepcoreoverhaul\src\openlrr\bin\tmp\openlrr\debug\utils.obj
c:\users\pierce lonergan\documents\github\deepcoreoverhaul\src\openlrr\bin\tmp\openlrr\debug\random.obj
c:\users\pierce lonergan\documents\github\deepcoreoverhaul\src\openlrr\bin\tmp\openlrr\debug\memory.obj
c:\users\pierce lonergan\documents\github\deepcoreoverhaul\src\openlrr\bin\tmp\openlrr\debug\maths.obj
c:\users\pierce lonergan\documents\github\deepcoreoverhaul\src\openlrr\bin\tmp\openlrr\debug\files.obj
c:\users\pierce lonergan\documents\github\deepcoreoverhaul\src\openlrr\bin\tmp\openlrr\debug\errors.obj
c:\users\pierce lonergan\documents\github\deepcoreoverhaul\src\openlrr\bin\tmp\openlrr\debug\dllmain.obj
c:\users\pierce lonergan\documents\github\deepcoreoverhaul\src\openlrr\bin\tmp\openlrr\debug\commandline.obj
c:\users\pierce lonergan\documents\github\deepcoreoverhaul\src\openlrr\bin\tmp\openlrr\debug\clgen.obj
c:\users\pierce lonergan\documents\github\deepcoreoverhaul\src\openlrr\bin\tmp\openlrr\debug\animation.obj
c:\users\pierce lonergan\documents\github\deepcoreoverhaul\src\openlrr\bin\tmp\openlrr\debug\mousebuttons.obj
c:\users\pierce lonergan\documents\github\deepcoreoverhaul\src\openlrr\bin\tmp\openlrr\debug\keys.obj
c:\users\pierce lonergan\documents\github\deepcoreoverhaul\src\openlrr\bin\tmp\openlrr\debug\inputbutton.obj
c:\users\pierce lonergan\documents\github\deepcoreoverhaul\src\openlrr\bin\tmp\openlrr\debug\input.obj
c:\users\pierce lonergan\documents\github\deepcoreoverhaul\src\openlrr\bin\tmp\openlrr\debug\interface.obj
c:\users\pierce lonergan\documents\github\deepcoreoverhaul\src\openlrr\bin\tmp\openlrr\debug\bubbles.obj
c:\users\pierce lonergan\documents\github\deepcoreoverhaul\src\openlrr\bin\tmp\openlrr\debug\helpwindow.obj
c:\users\pierce lonergan\documents\github\deepcoreoverhaul\src\openlrr\bin\tmp\openlrr\debug\encyclopedia.obj
c:\users\pierce lonergan\documents\github\deepcoreoverhaul\src\openlrr\bin\tmp\openlrr\debug\reward.obj
c:\users\pierce lonergan\documents\github\deepcoreoverhaul\src\openlrr\bin\tmp\openlrr\debug\loader.obj
c:\users\pierce lonergan\documents\github\deepcoreoverhaul\src\openlrr\bin\tmp\openlrr\debug\frontend.obj
c:\users\pierce lonergan\documents\github\deepcoreoverhaul\src\openlrr\bin\tmp\openlrr\debug\lighteffects.obj
c:\users\pierce lonergan\documents\github\deepcoreoverhaul\src\openlrr\bin\tmp\openlrr\debug\debug.obj
c:\users\pierce lonergan\documents\github\deepcoreoverhaul\src\openlrr\bin\tmp\openlrr\debug\collision.obj
c:\users\pierce lonergan\documents\github\deepcoreoverhaul\src\openlrr\bin\tmp\openlrr\debug\building.obj
c:\users\pierce lonergan\documents\github\deepcoreoverhaul\src\openlrr\bin\tmp\openlrr\debug\beziercurve.obj
c:\users\pierce lonergan\documents\github\deepcoreoverhaul\src\openlrr\bin\tmp\openlrr\debug\aitask.obj
c:\users\pierce lonergan\documents\github\deepcoreoverhaul\src\openlrr\bin\tmp\openlrr\debug\ptl.obj
c:\users\pierce lonergan\documents\github\deepcoreoverhaul\src\openlrr\bin\tmp\openlrr\debug\objective.obj
c:\users\pierce lonergan\documents\github\deepcoreoverhaul\src\openlrr\bin\tmp\openlrr\debug\nerpsruntime.obj
c:\users\pierce lonergan\documents\github\deepcoreoverhaul\src\openlrr\bin\tmp\openlrr\debug\nerpsfunctions.obj
c:\users\pierce lonergan\documents\github\deepcoreoverhaul\src\openlrr\bin\tmp\openlrr\debug\nerpsfile.obj
c:\users\pierce lonergan\documents\github\deepcoreoverhaul\src\openlrr\bin\tmp\openlrr\debug\messages.obj
c:\users\pierce lonergan\documents\github\deepcoreoverhaul\src\openlrr\bin\tmp\openlrr\debug\shortcuts.obj
c:\users\pierce lonergan\documents\github\deepcoreoverhaul\src\openlrr\bin\tmp\openlrr\debug\wavedirector.obj
c:\users\pierce lonergan\documents\github\deepcoreoverhaul\src\openlrr\bin\tmp\openlrr\debug\deepcore.obj
c:\users\pierce lonergan\documents\github\deepcoreoverhaul\src\openlrr\bin\tmp\openlrr\debug\tooltip.obj
c:\users\pierce lonergan\documents\github\deepcoreoverhaul\src\openlrr\bin\tmp\openlrr\debug\textmessages.obj
c:\users\pierce lonergan\documents\github\deepcoreoverhaul\src\openlrr\bin\tmp\openlrr\debug\scrollinfo.obj
c:\users\pierce lonergan\documents\github\deepcoreoverhaul\src\openlrr\bin\tmp\openlrr\debug\radarmap.obj
c:\users\pierce lonergan\documents\github\deepcoreoverhaul\src\openlrr\bin\tmp\openlrr\debug\priorities.obj
c:\users\pierce lonergan\documents\github\deepcoreoverhaul\src\openlrr\bin\tmp\openlrr\debug\spiderweb.obj
c:\users\pierce lonergan\documents\github\deepcoreoverhaul\src\openlrr\bin\tmp\openlrr\debug\map3d.obj
c:\users\pierce lonergan\documents\github\deepcoreoverhaul\src\openlrr\bin\tmp\openlrr\debug\fallin.obj
c:\users\pierce lonergan\documents\github\deepcoreoverhaul\src\openlrr\bin\tmp\openlrr\debug\erosion.obj
c:\users\pierce lonergan\documents\github\deepcoreoverhaul\src\openlrr\bin\tmp\openlrr\debug\electricfence.obj
c:\users\pierce lonergan\documents\github\deepcoreoverhaul\src\openlrr\bin\tmp\openlrr\debug\detail.obj
c:\users\pierce lonergan\documents\github\deepcoreoverhaul\src\openlrr\bin\tmp\openlrr\debug\construction.obj
c:\users\pierce lonergan\documents\github\deepcoreoverhaul\src\openlrr\bin\tmp\openlrr\debug\vehicle.obj
c:\users\pierce lonergan\documents\github\deepcoreoverhaul\src\openlrr\bin\tmp\openlrr\debug\upgrade.obj
c:\users\pierce lonergan\documents\github\deepcoreoverhaul\src\openlrr\bin\tmp\openlrr\debug\stats.obj
c:\users\pierce lonergan\documents\github\deepcoreoverhaul\src\openlrr\bin\tmp\openlrr\debug\meshlod.obj
c:\users\pierce lonergan\documents\github\deepcoreoverhaul\src\openlrr\bin\tmp\openlrr\debug\flocks.obj
c:\users\pierce lonergan\documents\github\deepcoreoverhaul\src\openlrr\bin\tmp\openlrr\debug\hook.obj
c:\users\pierce lonergan\documents\github\deepcoreoverhaul\src\openlrr\bin\tmp\openlrr\debug\water.obj
c:\users\pierce lonergan\documents\github\deepcoreoverhaul\src\openlrr\bin\tmp\openlrr\debug\openlrr.tlog\cl.command.1.tlog
c:\users\pierce lonergan\documents\github\deepcoreoverhaul\src\openlrr\bin\tmp\openlrr\debug\openlrr.tlog\cl.read.1.tlog
c:\users\pierce lonergan\documents\github\deepcoreoverhaul\src\openlrr\bin\tmp\openlrr\debug\openlrr.tlog\cl.write.1.tlog
